// Jest Snapshot v1, https://goo.gl/fbAQLP

exports[`Preview Import buttons 1. renders correctly: snapshot testing 1`] = `
<div
  className="action-buttons"
>
  <a
    className="redux-templates-button preview-button"
    onClick={[Function]}
    target="_blank"
  >
    <i
      className="fa fa-share"
    />

    Preview
  </a>
  <a
    className="redux-templates-button download-button"
    onClick={[Function]}
  >
    <i
      className="fas fa-download"
    />
    Import
  </a>
</div>
`;
